// Vitest Snapshot v1, https://vitest.dev/guide/snapshot.html

exports[`renders button with label 1`] = `"<div><button>Submit</button></div>"`;
